RPGMaker VX Ace JSON Converter - RV2JSON - v1.2.0
Using default data directory: data
Using default json directory: ace_json
Using default output directory (data dir): data
Detected Engine: vxace
Running update (updateFiles) -> json: ace_json, output: data
Created backup for data/CommonEvents.rvdata2 in data/backups/CommonEvents.rvdata2
Created backup for data/System.rvdata2 in data/backups/System.rvdata2
Created backup for data/MapInfos.rvdata2 in data/backups/MapInfos.rvdata2
Created backup for data/Actors.rvdata2 in data/backups/Actors.rvdata2
Created backup for data/Animations.rvdata2 in data/backups/Animations.rvdata2
Created backup for data/Armors.rvdata2 in data/backups/Armors.rvdata2
Created backup for data/Classes.rvdata2 in data/backups/Classes.rvdata2
Created backup for data/Enemies.rvdata2 in data/backups/Enemies.rvdata2
Created backup for data/Items.rvdata2 in data/backups/Items.rvdata2
Created backup for data/Skills.rvdata2 in data/backups/Skills.rvdata2
Created backup for data/States.rvdata2 in data/backups/States.rvdata2
Created backup for data/Tilesets.rvdata2 in data/backups/Tilesets.rvdata2
Created backup for data/Troops.rvdata2 in data/backups/Troops.rvdata2
Created backup for data/Weapons.rvdata2 in data/backups/Weapons.rvdata2
Created backup for data/Map001.rvdata2 in data/backups/Map001.rvdata2
Created backup for data/Map002.rvdata2 in data/backups/Map002.rvdata2
Created backup for data/Map003.rvdata2 in data/backups/Map003.rvdata2
Created backup for data/Map004.rvdata2 in data/backups/Map004.rvdata2
Created backup for data/Map005.rvdata2 in data/backups/Map005.rvdata2
Created backup for data/Map006.rvdata2 in data/backups/Map006.rvdata2
Created backup for data/Map007.rvdata2 in data/backups/Map007.rvdata2
Created backup for data/Map008.rvdata2 in data/backups/Map008.rvdata2
Created backup for data/Map009.rvdata2 in data/backups/Map009.rvdata2
Created backup for data/Map010.rvdata2 in data/backups/Map010.rvdata2
Created backup for data/Map011.rvdata2 in data/backups/Map011.rvdata2
Created backup for data/Map012.rvdata2 in data/backups/Map012.rvdata2
Created backup for data/Map013.rvdata2 in data/backups/Map013.rvdata2
Created backup for data/Map014.rvdata2 in data/backups/Map014.rvdata2
Created backup for data/Map015.rvdata2 in data/backups/Map015.rvdata2
Created backup for data/Map016.rvdata2 in data/backups/Map016.rvdata2
Created backup for data/Map017.rvdata2 in data/backups/Map017.rvdata2
Created backup for data/Map018.rvdata2 in data/backups/Map018.rvdata2
Created backup for data/Map019.rvdata2 in data/backups/Map019.rvdata2
Created backup for data/Map020.rvdata2 in data/backups/Map020.rvdata2
Created backup for data/Map021.rvdata2 in data/backups/Map021.rvdata2
Created backup for data/Map022.rvdata2 in data/backups/Map022.rvdata2
Created backup for data/Map023.rvdata2 in data/backups/Map023.rvdata2
Created backup for data/Map024.rvdata2 in data/backups/Map024.rvdata2
Created backup for data/Map025.rvdata2 in data/backups/Map025.rvdata2
Created backup for data/Map026.rvdata2 in data/backups/Map026.rvdata2
Created backup for data/Map027.rvdata2 in data/backups/Map027.rvdata2
Created backup for data/Map028.rvdata2 in data/backups/Map028.rvdata2
Created backup for data/Map029.rvdata2 in data/backups/Map029.rvdata2
Created backup for data/Map030.rvdata2 in data/backups/Map030.rvdata2
Created backup for data/Map031.rvdata2 in data/backups/Map031.rvdata2
Created backup for data/Map032.rvdata2 in data/backups/Map032.rvdata2
Created backup for data/Map033.rvdata2 in data/backups/Map033.rvdata2
Created backup for data/Map034.rvdata2 in data/backups/Map034.rvdata2
Created backup for data/Map035.rvdata2 in data/backups/Map035.rvdata2
Created backup for data/Map036.rvdata2 in data/backups/Map036.rvdata2
Created backup for data/Map037.rvdata2 in data/backups/Map037.rvdata2
Created backup for data/Map038.rvdata2 in data/backups/Map038.rvdata2
Created backup for data/Map039.rvdata2 in data/backups/Map039.rvdata2
Created backup for data/Map040.rvdata2 in data/backups/Map040.rvdata2
Created backup for data/Map041.rvdata2 in data/backups/Map041.rvdata2
Created backup for data/Map042.rvdata2 in data/backups/Map042.rvdata2
Created backup for data/Map043.rvdata2 in data/backups/Map043.rvdata2
Created backup for data/Map044.rvdata2 in data/backups/Map044.rvdata2
Created backup for data/Map045.rvdata2 in data/backups/Map045.rvdata2
Created backup for data/Map046.rvdata2 in data/backups/Map046.rvdata2
Created backup for data/Map047.rvdata2 in data/backups/Map047.rvdata2
Created backup for data/Map048.rvdata2 in data/backups/Map048.rvdata2
Created backup for data/Map049.rvdata2 in data/backups/Map049.rvdata2
Created backup for data/Map050.rvdata2 in data/backups/Map050.rvdata2
Created backup for data/Map051.rvdata2 in data/backups/Map051.rvdata2
Created backup for data/Map052.rvdata2 in data/backups/Map052.rvdata2
Created backup for data/Map053.rvdata2 in data/backups/Map053.rvdata2
Created backup for data/Map054.rvdata2 in data/backups/Map054.rvdata2
Created backup for data/Map055.rvdata2 in data/backups/Map055.rvdata2
Created backup for data/Map056.rvdata2 in data/backups/Map056.rvdata2
Created backup for data/Map057.rvdata2 in data/backups/Map057.rvdata2
Created backup for data/Map058.rvdata2 in data/backups/Map058.rvdata2
Created backup for data/Map059.rvdata2 in data/backups/Map059.rvdata2
Created backup for data/Map060.rvdata2 in data/backups/Map060.rvdata2
Created backup for data/Map061.rvdata2 in data/backups/Map061.rvdata2
Created backup for data/Map062.rvdata2 in data/backups/Map062.rvdata2
Created backup for data/Map063.rvdata2 in data/backups/Map063.rvdata2
Created backup for data/Map064.rvdata2 in data/backups/Map064.rvdata2
Created backup for data/Map065.rvdata2 in data/backups/Map065.rvdata2
Created backup for data/Map066.rvdata2 in data/backups/Map066.rvdata2
Created backup for data/Map067.rvdata2 in data/backups/Map067.rvdata2
Created backup for data/Map068.rvdata2 in data/backups/Map068.rvdata2
Created backup for data/Map069.rvdata2 in data/backups/Map069.rvdata2
Created backup for data/Map070.rvdata2 in data/backups/Map070.rvdata2
Created backup for data/Map071.rvdata2 in data/backups/Map071.rvdata2
Created backup for data/Map072.rvdata2 in data/backups/Map072.rvdata2
Created backup for data/Map073.rvdata2 in data/backups/Map073.rvdata2
Created backup for data/Map074.rvdata2 in data/backups/Map074.rvdata2
Created backup for data/Map075.rvdata2 in data/backups/Map075.rvdata2
Created backup for data/Map076.rvdata2 in data/backups/Map076.rvdata2
Created backup for data/Map077.rvdata2 in data/backups/Map077.rvdata2
Created backup for data/Map078.rvdata2 in data/backups/Map078.rvdata2
Created backup for data/Map079.rvdata2 in data/backups/Map079.rvdata2
Created backup for data/Map080.rvdata2 in data/backups/Map080.rvdata2
Created backup for data/Map081.rvdata2 in data/backups/Map081.rvdata2
Created backup for data/Map082.rvdata2 in data/backups/Map082.rvdata2
Created backup for data/Map083.rvdata2 in data/backups/Map083.rvdata2
Created backup for data/Map084.rvdata2 in data/backups/Map084.rvdata2
Created backup for data/Map085.rvdata2 in data/backups/Map085.rvdata2
Created backup for data/Map086.rvdata2 in data/backups/Map086.rvdata2
Created backup for data/Map087.rvdata2 in data/backups/Map087.rvdata2
Created backup for data/Map088.rvdata2 in data/backups/Map088.rvdata2
Created backup for data/Map089.rvdata2 in data/backups/Map089.rvdata2
Created backup for data/Map090.rvdata2 in data/backups/Map090.rvdata2
Created backup for data/Map091.rvdata2 in data/backups/Map091.rvdata2
Created backup for data/Map092.rvdata2 in data/backups/Map092.rvdata2
Created backup for data/Map093.rvdata2 in data/backups/Map093.rvdata2
Created backup for data/Map094.rvdata2 in data/backups/Map094.rvdata2
Created backup for data/Map095.rvdata2 in data/backups/Map095.rvdata2
Created backup for data/Map096.rvdata2 in data/backups/Map096.rvdata2
Created backup for data/Map097.rvdata2 in data/backups/Map097.rvdata2
Created backup for data/Map098.rvdata2 in data/backups/Map098.rvdata2
Created backup for data/Map099.rvdata2 in data/backups/Map099.rvdata2
Created backup for data/Map100.rvdata2 in data/backups/Map100.rvdata2
Created backup for data/Map101.rvdata2 in data/backups/Map101.rvdata2
Created backup for data/Map102.rvdata2 in data/backups/Map102.rvdata2
Created backup for data/Map103.rvdata2 in data/backups/Map103.rvdata2
Created backup for data/Map104.rvdata2 in data/backups/Map104.rvdata2
Created backup for data/Map105.rvdata2 in data/backups/Map105.rvdata2
Created backup for data/Map106.rvdata2 in data/backups/Map106.rvdata2
Created backup for data/Map107.rvdata2 in data/backups/Map107.rvdata2
Created backup for data/Map108.rvdata2 in data/backups/Map108.rvdata2
Created backup for data/Map109.rvdata2 in data/backups/Map109.rvdata2
Created backup for data/Map110.rvdata2 in data/backups/Map110.rvdata2
Created backup for data/Map111.rvdata2 in data/backups/Map111.rvdata2
Created backup for data/Map112.rvdata2 in data/backups/Map112.rvdata2
Created backup for data/Map113.rvdata2 in data/backups/Map113.rvdata2
Created backup for data/Map114.rvdata2 in data/backups/Map114.rvdata2
Created backup for data/Map115.rvdata2 in data/backups/Map115.rvdata2
Created backup for data/Map116.rvdata2 in data/backups/Map116.rvdata2
Created backup for data/Map117.rvdata2 in data/backups/Map117.rvdata2
Created backup for data/Map118.rvdata2 in data/backups/Map118.rvdata2
Created backup for data/Map119.rvdata2 in data/backups/Map119.rvdata2
Created backup for data/Map120.rvdata2 in data/backups/Map120.rvdata2
Created backup for data/Map121.rvdata2 in data/backups/Map121.rvdata2
Created backup for data/Map122.rvdata2 in data/backups/Map122.rvdata2
Created backup for data/Map123.rvdata2 in data/backups/Map123.rvdata2
Created backup for data/Map124.rvdata2 in data/backups/Map124.rvdata2
Created backup for data/Map125.rvdata2 in data/backups/Map125.rvdata2
Created backup for data/Map126.rvdata2 in data/backups/Map126.rvdata2
Created backup for data/Map127.rvdata2 in data/backups/Map127.rvdata2
Created backup for data/Map128.rvdata2 in data/backups/Map128.rvdata2
Created backup for data/Map129.rvdata2 in data/backups/Map129.rvdata2
Created backup for data/Map130.rvdata2 in data/backups/Map130.rvdata2
Created backup for data/Map131.rvdata2 in data/backups/Map131.rvdata2
Created backup for data/Map132.rvdata2 in data/backups/Map132.rvdata2
Created backup for data/Map133.rvdata2 in data/backups/Map133.rvdata2
Created backup for data/Map134.rvdata2 in data/backups/Map134.rvdata2
Created backup for data/Map135.rvdata2 in data/backups/Map135.rvdata2
Created backup for data/Map136.rvdata2 in data/backups/Map136.rvdata2
Created backup for data/Map137.rvdata2 in data/backups/Map137.rvdata2
Created backup for data/Map138.rvdata2 in data/backups/Map138.rvdata2
Created backup for data/Map142.rvdata2 in data/backups/Map142.rvdata2
Created backup for data/Map143.rvdata2 in data/backups/Map143.rvdata2
Created backup for data/Map144.rvdata2 in data/backups/Map144.rvdata2
Created backup for data/Map145.rvdata2 in data/backups/Map145.rvdata2
Created backup for data/Map146.rvdata2 in data/backups/Map146.rvdata2
Created backup for data/Map147.rvdata2 in data/backups/Map147.rvdata2
Created backup for data/Map148.rvdata2 in data/backups/Map148.rvdata2
Created backup for data/Map149.rvdata2 in data/backups/Map149.rvdata2
Created backup for data/Map150.rvdata2 in data/backups/Map150.rvdata2
Created backup for data/Scripts.rvdata2 in data/backups/Scripts.rvdata2
Start updating scripts...
Updating of 181 scripts done
