RPGMaker VX Ace JSON Converter - RV2JSON - v1.0.0
Using default data directory: data
Using default json directory: ace_json
Using default output directory (data dir): data
Detected Engine: vxace
Loading CommonEvents
Loading System
Loading MapInfos
Loading Actors
Loading Animations
Loading Armors
Loading Classes
Loading Enemies
Loading Items
Loading Skills
Loading States
Loading Tilesets
Loading Troops
Loading Weapons
Loading Map001
Loading Map002
Loading Map003
Loading Map004
Loading Map005
Loading Map006
Loading Map007
Loading Map008
Loading Map009
Loading Map010
Loading Map011
Loading Map012
Loading Map013
Loading Map014
Loading Map015
Loading Map016
Loading Map017
Loading Map018
Loading Map019
Loading Map020
Loading Map021
Loading Map022
Loading Map023
Loading Map024
Loading Map025
Loading Map026
Loading Map027
Loading Map028
Loading Map029
Loading Map030
Loading Map031
Loading Map032
Loading Map033
Loading Map034
Loading Map035
Loading Map036
Loading Map037
Loading Map038
Loading Map039
Loading Map040
Loading Map041
Loading Map042
Loading Map043
Loading Map044
Loading Map045
Loading Map046
Loading Map047
Loading Map048
Loading Map049
Loading Map050
Loading Map051
Loading Map052
Loading Map053
Loading Map054
Loading Map055
Loading Map056
Loading Map057
Loading Map058
Loading Map059
Loading Map060
Loading Map061
Loading Map062
Loading Map063
Loading Map064
Loading Map065
Loading Map066
Loading Map067
Loading Map068
Loading Map069
Loading Map070
Loading Map071
Loading Map072
Loading Map073
Loading Map074
Loading Map075
Loading Map076
Loading Map077
Loading Map078
Loading Map079
Loading Map080
Loading Map081
Loading Map082
Loading Map083
Loading Map084
Loading Map085
Loading Map086
Loading Map087
Loading Map088
Loading Map089
Loading Map090
Loading Map091
Loading Map092
Loading Map093
Loading Map094
Loading Map095
Loading Map096
Loading Map097
Loading Map098
Loading Map099
Loading Map100
Loading Map101
Loading Map102
Loading Map103
Loading Map104
Loading Map105
Loading Map106
Loading Map107
Loading Map108
Loading Map109
Loading Map110
Loading Map111
Loading Map112
Loading Map113
Loading Map114
Loading Map115
Loading Map116
Loading Map117
Loading Map118
Loading Map119
Loading Map120
Loading Map121
Loading Map122
Loading Map123
Loading Map124
Loading Map125
Loading Map126
Loading Map127
Loading Map128
Loading Map129
Loading Map130
Loading Map131
Loading Map132
Loading Map133
Loading Map134
Loading Map135
Loading Map136
Loading Map137
Loading Map138
Loading Map142
Loading Map143
Loading Map144
Loading Map145
Loading Map146
Loading Map147
Loading Map148
Loading Map149
Loading Map150
Running update (updateFiles) -> json: ace_json, output: data
Updating CommonEvents from JSON version ...
ERROR APPLICATION CRASHED WITH:
#<TypeError: no implicit conversion of String into Integer>
C:/Users/bilik/AppData/Local/Temp/ocranIF9NS1/src/rgssV3/rpg/moveCommand.rb:10:in 'Integer#[]'
C:/Users/bilik/AppData/Local/Temp/ocranIF9NS1/src/rgssV3/rpg/moveCommand.rb:10:in 'RPG::MoveCommand#updateFromJson'
C:/Users/bilik/AppData/Local/Temp/ocranIF9NS1/src/rgssV3/rpg/utils.rb:664:in 'block in Object#updateParametersFromJson'
C:/Users/bilik/AppData/Local/Temp/ocranIF9NS1/src/rgssV3/rpg/utils.rb:661:in 'Array#map!'
C:/Users/bilik/AppData/Local/Temp/ocranIF9NS1/src/rgssV3/rpg/utils.rb:661:in 'Enumerator#with_index'
C:/Users/bilik/AppData/Local/Temp/ocranIF9NS1/src/rgssV3/rpg/utils.rb:661:in 'Object#updateParametersFromJson'
C:/Users/bilik/AppData/Local/Temp/ocranIF9NS1/src/rgssV3/rpg/eventCommand.rb:13:in 'RPG::EventCommand#updateFromJson'
C:/Users/bilik/AppData/Local/Temp/ocranIF9NS1/src/rgssV3/rpg/utils.rb:655:in 'block in Object#listUpdateFromJson'
C:/Users/bilik/AppData/Local/Temp/ocranIF9NS1/src/rgssV3/rpg/utils.rb:654:in 'Array#map!'
C:/Users/bilik/AppData/Local/Temp/ocranIF9NS1/src/rgssV3/rpg/utils.rb:654:in 'Enumerator#with_index'
C:/Users/bilik/AppData/Local/Temp/ocranIF9NS1/src/rgssV3/rpg/utils.rb:654:in 'Object#listUpdateFromJson'
C:/Users/bilik/AppData/Local/Temp/ocranIF9NS1/src/rgssV3/rpg/commonEvent.rb:15:in 'RPG::CommonEvent#updateFromJson'
C:/Users/bilik/AppData/Local/Temp/ocranIF9NS1/src/RV2JSON.rb:37:in 'block in Object#updateDataFromJson'
C:/Users/bilik/AppData/Local/Temp/ocranIF9NS1/src/RV2JSON.rb:34:in 'Array#each'
C:/Users/bilik/AppData/Local/Temp/ocranIF9NS1/src/RV2JSON.rb:34:in 'Enumerable#each_with_index'
C:/Users/bilik/AppData/Local/Temp/ocranIF9NS1/src/RV2JSON.rb:34:in 'Object#updateDataFromJson'
C:/Users/bilik/AppData/Local/Temp/ocranIF9NS1/src/RV2JSON.rb:142:in 'block in Object#updateFiles'
C:/Users/bilik/AppData/Local/Temp/ocranIF9NS1/src/RV2JSON.rb:142:in 'Hash#each'
C:/Users/bilik/AppData/Local/Temp/ocranIF9NS1/src/RV2JSON.rb:142:in 'Object#updateFiles'
C:/Users/bilik/AppData/Local/Temp/ocranIF9NS1/src/RV2JSON.rb:215:in '<main>'
