RPGMaker VX Ace JSON Converter - RV2JSON - v1.0.0
Using default data directory: data
Using default json directory: ace_json
Using default output directory (data dir): data
Detected Engine: vxace
Loading CommonEvents
Loading System
Loading MapInfos
Loading Actors
Loading Animations
Loading Armors
Loading Classes
Loading Enemies
Loading Items
Loading Skills
Loading States
Loading Tilesets
Loading Troops
Loading Weapons
Loading Map001
Loading Map002
Loading Map003
Loading Map004
Loading Map005
Loading Map006
Loading Map007
Loading Map008
Loading Map009
Loading Map010
Loading Map011
Loading Map012
Loading Map013
Loading Map014
Loading Map015
Loading Map016
Loading Map017
Loading Map018
Loading Map019
Loading Map020
Loading Map021
Loading Map022
Loading Map023
Loading Map024
Loading Map025
Loading Map026
Loading Map027
Loading Map028
Loading Map029
Loading Map030
Loading Map031
Loading Map032
Loading Map033
Loading Map034
Loading Map035
Loading Map036
Loading Map037
Loading Map038
Loading Map039
Loading Map040
Loading Map041
Loading Map042
Loading Map043
Loading Map044
Loading Map045
Loading Map046
Loading Map047
Loading Map048
Loading Map049
Loading Map050
Loading Map051
Loading Map052
Loading Map053
Loading Map054
Loading Map055
Loading Map056
Loading Map057
Loading Map058
Loading Map059
Loading Map060
Loading Map061
Loading Map062
Loading Map063
Loading Map064
Loading Map065
Loading Map066
Loading Map067
Loading Map068
Loading Map069
Loading Map070
Loading Map071
Loading Map072
Loading Map073
Loading Map074
Loading Map075
Loading Map076
Loading Map077
Loading Map078
Loading Map079
Loading Map080
Loading Map081
Loading Map082
Loading Map083
Loading Map084
Loading Map085
Loading Map086
Loading Map087
Loading Map088
Loading Map089
Loading Map090
Loading Map091
Loading Map092
Loading Map093
Loading Map094
Loading Map095
Loading Map096
Loading Map097
Loading Map098
Loading Map099
Loading Map100
Loading Map101
Loading Map102
Loading Map103
Loading Map104
Loading Map105
Loading Map106
Loading Map107
Loading Map108
Loading Map109
Loading Map110
Loading Map111
Loading Map112
Loading Map113
Loading Map114
Loading Map115
Loading Map116
Loading Map117
Loading Map118
Loading Map119
Loading Map120
Loading Map121
Loading Map122
Loading Map123
Loading Map124
Loading Map125
Loading Map126
Loading Map127
Loading Map128
Loading Map129
Loading Map130
Loading Map131
Loading Map132
Loading Map133
Loading Map134
Loading Map135
Loading Map136
Loading Map137
Loading Map138
Loading Map142
Loading Map143
Loading Map144
Loading Map145
Loading Map146
Loading Map147
Loading Map148
Loading Map149
Loading Map150
Running create (dumpFiles) -> output: data
Saving JSON version of CommonEvents ...
Saving JSON version of System ...
Saving JSON version of MapInfos ...
Saving JSON version of Actors ...
Saving JSON version of Animations ...
Saving JSON version of Armors ...
Saving JSON version of Classes ...
Saving JSON version of Enemies ...
Saving JSON version of Items ...
Saving JSON version of Skills ...
Saving JSON version of States ...
Saving JSON version of Tilesets ...
Saving JSON version of Troops ...
Saving JSON version of Weapons ...
Saving JSON version of Map001 ...
Saving JSON version of Map002 ...
Saving JSON version of Map003 ...
Saving JSON version of Map004 ...
Saving JSON version of Map005 ...
Saving JSON version of Map006 ...
Saving JSON version of Map007 ...
Saving JSON version of Map008 ...
Saving JSON version of Map009 ...
Saving JSON version of Map010 ...
Saving JSON version of Map011 ...
Saving JSON version of Map012 ...
Saving JSON version of Map013 ...
Saving JSON version of Map014 ...
Saving JSON version of Map015 ...
Saving JSON version of Map016 ...
Saving JSON version of Map017 ...
Saving JSON version of Map018 ...
Saving JSON version of Map019 ...
Saving JSON version of Map020 ...
Saving JSON version of Map021 ...
Saving JSON version of Map022 ...
Saving JSON version of Map023 ...
Saving JSON version of Map024 ...
Saving JSON version of Map025 ...
Saving JSON version of Map026 ...
Saving JSON version of Map027 ...
Saving JSON version of Map028 ...
Saving JSON version of Map029 ...
Saving JSON version of Map030 ...
Saving JSON version of Map031 ...
Saving JSON version of Map032 ...
Saving JSON version of Map033 ...
Saving JSON version of Map034 ...
Saving JSON version of Map035 ...
Saving JSON version of Map036 ...
Saving JSON version of Map037 ...
Saving JSON version of Map038 ...
Saving JSON version of Map039 ...
Saving JSON version of Map040 ...
Saving JSON version of Map041 ...
Saving JSON version of Map042 ...
Saving JSON version of Map043 ...
Saving JSON version of Map044 ...
Saving JSON version of Map045 ...
Saving JSON version of Map046 ...
Saving JSON version of Map047 ...
Saving JSON version of Map048 ...
Saving JSON version of Map049 ...
Saving JSON version of Map050 ...
Saving JSON version of Map051 ...
Saving JSON version of Map052 ...
Saving JSON version of Map053 ...
Saving JSON version of Map054 ...
Saving JSON version of Map055 ...
Saving JSON version of Map056 ...
Saving JSON version of Map057 ...
Saving JSON version of Map058 ...
Saving JSON version of Map059 ...
Saving JSON version of Map060 ...
Saving JSON version of Map061 ...
Saving JSON version of Map062 ...
Saving JSON version of Map063 ...
Saving JSON version of Map064 ...
Saving JSON version of Map065 ...
Saving JSON version of Map066 ...
Saving JSON version of Map067 ...
Saving JSON version of Map068 ...
Saving JSON version of Map069 ...
Saving JSON version of Map070 ...
Saving JSON version of Map071 ...
Saving JSON version of Map072 ...
Saving JSON version of Map073 ...
Saving JSON version of Map074 ...
Saving JSON version of Map075 ...
Saving JSON version of Map076 ...
Saving JSON version of Map077 ...
Saving JSON version of Map078 ...
Saving JSON version of Map079 ...
Saving JSON version of Map080 ...
Saving JSON version of Map081 ...
Saving JSON version of Map082 ...
Saving JSON version of Map083 ...
Saving JSON version of Map084 ...
Saving JSON version of Map085 ...
Saving JSON version of Map086 ...
Saving JSON version of Map087 ...
Saving JSON version of Map088 ...
Saving JSON version of Map089 ...
Saving JSON version of Map090 ...
Saving JSON version of Map091 ...
Saving JSON version of Map092 ...
Saving JSON version of Map093 ...
Saving JSON version of Map094 ...
Saving JSON version of Map095 ...
Saving JSON version of Map096 ...
Saving JSON version of Map097 ...
Saving JSON version of Map098 ...
Saving JSON version of Map099 ...
Saving JSON version of Map100 ...
Saving JSON version of Map101 ...
Saving JSON version of Map102 ...
Saving JSON version of Map103 ...
Saving JSON version of Map104 ...
Saving JSON version of Map105 ...
Saving JSON version of Map106 ...
Saving JSON version of Map107 ...
Saving JSON version of Map108 ...
Saving JSON version of Map109 ...
Saving JSON version of Map110 ...
Saving JSON version of Map111 ...
Saving JSON version of Map112 ...
Saving JSON version of Map113 ...
Saving JSON version of Map114 ...
Saving JSON version of Map115 ...
Saving JSON version of Map116 ...
Saving JSON version of Map117 ...
Saving JSON version of Map118 ...
Saving JSON version of Map119 ...
Saving JSON version of Map120 ...
Saving JSON version of Map121 ...
Saving JSON version of Map122 ...
Saving JSON version of Map123 ...
Saving JSON version of Map124 ...
Saving JSON version of Map125 ...
Saving JSON version of Map126 ...
Saving JSON version of Map127 ...
Saving JSON version of Map128 ...
Saving JSON version of Map129 ...
Saving JSON version of Map130 ...
Saving JSON version of Map131 ...
Saving JSON version of Map132 ...
Saving JSON version of Map133 ...
Saving JSON version of Map134 ...
Saving JSON version of Map135 ...
Saving JSON version of Map136 ...
Saving JSON version of Map137 ...
Saving JSON version of Map138 ...
Saving JSON version of Map142 ...
Saving JSON version of Map143 ...
Saving JSON version of Map144 ...
Saving JSON version of Map145 ...
Saving JSON version of Map146 ...
Saving JSON version of Map147 ...
Saving JSON version of Map148 ...
Saving JSON version of Map149 ...
Saving JSON version of Map150 ...
Start dumping scripts...
Dumping of 181 scripts done
